[2026-05-23 13:27:37] processed 2026-05-23_150000_test.md → red
[2026-05-23 13:29:08] processed 2026-05-23_150000_test.md → yellow
[2026-05-23 15:57:06] watcher started
[2026-05-24 20:18:37] processed 2026-05-24_201835_union_final_exam.md → green
[2026-05-24 20:20:17] processed 2026-05-24_202025_verify_union_completeness.md → green
[2026-05-25 00:24:50] processed 2026-05-24_202450_implementation_plan_final.md → green
[2026-05-25 00:26:23] processed 2026-05-24_202610_exam_prep_package_completed.md → green
[2026-05-25 00:39:39] processed 2026-05-25_004000_constitutional_final_integrated.md → green
[2026-05-25 00:56:23] processed 2026-05-25_005800_byunsi_questions_exact.md → green
[2026-05-25 01:12:08] processed 2026-05-25_011500_constitutional_split_final.md → green
[2026-05-25 10:28:56] processed 2026-05-25_102800_constitutional_final_prep.md → green
[2026-05-25 10:30:20] processed 2026-05-25_103000_constitutional_final_copy.md → green
[2026-05-25 11:21:36] processed 2026-05-25_112100_constitutional_law_guide.md → green
[2026-06-09 14:32:42] watcher started
[2026-06-09 14:32:42] processed 2026-05-25_163200_bar_exam_constitution.md → green
[2026-06-09 14:32:42] processed 2026-05-25_172000_restructure_constitution_v2.md → green
[2026-06-09 14:32:43] processed 2026-05-26_160200_constitution_readability.md → green
[2026-06-09 14:32:43] processed 2026-05-26_182500_gi-chul_split.md → green
[2026-06-09 14:32:43] processed 2026-05-27_004820_constitution_patch.md → green
[2026-06-09 14:32:43] processed 2026-05-27_125500_constitution_integration.md → green
[2026-06-09 14:32:44] processed 2026-05-27_130500_korean_translation.md → green
[2026-06-09 14:32:44] processed 2026-05-27_130910_rebuild_constitution.md → green
[2026-06-09 14:32:45] processed 2026-05-27_132500_add_money_period_table.md → green
[2026-06-09 14:32:45] processed 2026-05-27_133200_cleanup_note_structure.md → green
[2026-06-09 14:32:45] processed 2026-05-29_105600_constitution_exam_extract.md → green
[2026-06-09 14:32:45] processed 2026-05-29_112200_constitution_exam_cleansing.md → green
[2026-06-09 14:32:45] processed 2026-05-29_112311_sanitize_pipeline.md → green
[2026-06-09 14:32:45] processed 2026-05-31_132720_prompt_adaptive_thinking.md → green
[2026-06-09 14:32:45] processed 2026-06-01_205619_obsidian_mcp_fix.md → green
[2026-06-09 14:32:45] processed 2026-06-01_204500_wiki_pipeline.md → red
[2026-06-09 14:32:45] processed 2026-06-01_211500_remaining_wiki_pipeline.md → green
[2026-06-09 14:32:45] processed 2026-06-05_142001_remove_obsidian_mcp.md → green
[2026-06-09 14:32:45] processed 2026-06-05_142525_remove_obsidian_mcp_cache.md → green
[2026-06-09 14:32:45] processed 2026-06-07_150000_ethics_summary.md → green
[2026-06-09 14:32:45] processed 2026-06-07_151600_ethics_summary_expansion.md → green
[2026-06-09 14:32:46] processed 2026-06-07_151700_ethics_summary_final_file.md → green
[2026-06-09 14:32:46] processed 2026-06-07_152100_ethics_summary_full_syllabus.md → green
[2026-06-09 14:32:46] processed 2026-06-07_153200_ethics_summary_complete.md → green
[2026-06-09 14:32:46] processed 2026-06-07_153500_ethics_summary_full_textbook.md → green
[2026-06-09 14:32:46] processed 2026-06-07_155200_ethics_summary_reflow_complete.md → red
[2026-06-09 14:32:46] processed 2026-06-07_160622_ethics_summary_complete.md → green
[2026-06-09 14:32:47] processed 2026-06-07_161522_ethics_summary_polish.md → green
[2026-06-09 14:33:45] processed 2026-06-07_161700_ethics_reorg.md → green
[2026-06-09 14:33:46] processed 2026-06-07_162600_ethics_compress.md → green
[2026-06-09 14:33:46] processed 2026-06-07_164300_ethics_brackets.md → green
[2026-06-09 14:33:46] processed 2026-06-07_164700_ethics_headers.md → green
[2026-06-09 14:33:46] processed 2026-06-07_165400_ethics_bold.md → green
[2026-06-16 12:39:09] watcher started
[2026-06-16 12:39:10] processed 2026-06-01_204500_wiki_pipeline.md → red
[2026-06-16 12:39:10] processed 2026-06-07_155200_ethics_summary_reflow_complete.md → red
[2026-06-16 12:39:10] processed 2026-06-12_174300_file_cleanup.md → green
[2026-06-16 12:39:11] processed 2026-06-12_184200_folder_cleanup.md → red
[2026-06-16 12:39:11] processed 2026-06-12_185300_root_cleanup.md → green
[2026-06-16 12:39:11] processed 2026-06-12_185500_root_cleanup_feedback.md → red
[2026-06-16 12:39:11] processed 2026-06-12_185900_compliance_fix.md → red
